2025-06-22 16:01:35 - numexpr.utils - INFO - Note: detected 192 virtual cores but NumExpr set to maximum of 64, check "NUMEXPR_MAX_THREADS" environment variable.
2025-06-22 16:01:35 - numexpr.utils - INFO - Note: NumExpr detected 192 cores but "NUMEXPR_MAX_THREADS" not set, so enforcing safe limit of 8.
2025-06-22 16:01:35 - numexpr.utils - INFO - NumExpr defaulting to 8 threads.
2025-06-22 16:01:52 - numexpr.utils - INFO - Note: detected 192 virtual cores but NumExpr set to maximum of 64, check "NUMEXPR_MAX_THREADS" environment variable.
2025-06-22 16:01:52 - numexpr.utils - INFO - Note: NumExpr detected 192 cores but "NUMEXPR_MAX_THREADS" not set, so enforcing safe limit of 8.
2025-06-22 16:01:52 - numexpr.utils - INFO - NumExpr defaulting to 8 threads.
2025-06-22 16:02:14 - numexpr.utils - INFO - Note: detected 192 virtual cores but NumExpr set to maximum of 64, check "NUMEXPR_MAX_THREADS" environment variable.
2025-06-22 16:02:14 - numexpr.utils - INFO - Note: NumExpr detected 192 cores but "NUMEXPR_MAX_THREADS" not set, so enforcing safe limit of 8.
2025-06-22 16:02:14 - numexpr.utils - INFO - NumExpr defaulting to 8 threads.
2025-06-22 16:02:14 - root - INFO - Creating least-square field...
2025-06-22 16:02:14 - root - INFO - Collecting data for the field...
2025-06-22 16:02:37 - numexpr.utils - INFO - Note: detected 192 virtual cores but NumExpr set to maximum of 64, check "NUMEXPR_MAX_THREADS" environment variable.
2025-06-22 16:02:37 - numexpr.utils - INFO - Note: NumExpr detected 192 cores but "NUMEXPR_MAX_THREADS" not set, so enforcing safe limit of 8.
2025-06-22 16:02:37 - numexpr.utils - INFO - NumExpr defaulting to 8 threads.
2025-06-22 16:02:37 - root - INFO - Creating least-square field...
2025-06-22 16:02:37 - root - INFO - Collecting data for the field...
2025-06-22 16:02:38 - root - INFO - Starting field  computation...
2025-06-22 16:03:09 - numexpr.utils - INFO - Note: detected 192 virtual cores but NumExpr set to maximum of 64, check "NUMEXPR_MAX_THREADS" environment variable.
2025-06-22 16:03:09 - numexpr.utils - INFO - Note: NumExpr detected 192 cores but "NUMEXPR_MAX_THREADS" not set, so enforcing safe limit of 8.
2025-06-22 16:03:09 - numexpr.utils - INFO - NumExpr defaulting to 8 threads.
2025-06-22 16:03:09 - root - INFO - Creating least-square field...
2025-06-22 16:03:09 - root - INFO - Collecting data for the field...
2025-06-22 16:03:10 - root - INFO - Starting field  computation...
2025-06-22 16:03:44 - numexpr.utils - INFO - Note: detected 192 virtual cores but NumExpr set to maximum of 64, check "NUMEXPR_MAX_THREADS" environment variable.
2025-06-22 16:03:44 - numexpr.utils - INFO - Note: NumExpr detected 192 cores but "NUMEXPR_MAX_THREADS" not set, so enforcing safe limit of 8.
2025-06-22 16:03:44 - numexpr.utils - INFO - NumExpr defaulting to 8 threads.
2025-06-22 16:03:44 - root - INFO - Creating least-square field...
2025-06-22 16:03:44 - root - INFO - Collecting data for the field...
2025-06-22 16:03:44 - root - INFO - Starting field  computation...
2025-06-22 16:03:45 - root - INFO - Field computation completed.
2025-06-22 16:04:00 - numexpr.utils - INFO - Note: detected 192 virtual cores but NumExpr set to maximum of 64, check "NUMEXPR_MAX_THREADS" environment variable.
2025-06-22 16:04:00 - numexpr.utils - INFO - Note: NumExpr detected 192 cores but "NUMEXPR_MAX_THREADS" not set, so enforcing safe limit of 8.
2025-06-22 16:04:00 - numexpr.utils - INFO - NumExpr defaulting to 8 threads.
2025-06-22 16:04:00 - root - INFO - Creating least-square field...
2025-06-22 16:04:00 - root - INFO - Collecting data for the field...
2025-06-22 16:04:01 - root - INFO - Starting field  computation...
2025-06-22 16:04:01 - root - INFO - Field computation completed.
2025-06-22 16:04:47 - numexpr.utils - INFO - Note: detected 192 virtual cores but NumExpr set to maximum of 64, check "NUMEXPR_MAX_THREADS" environment variable.
2025-06-22 16:04:47 - numexpr.utils - INFO - Note: NumExpr detected 192 cores but "NUMEXPR_MAX_THREADS" not set, so enforcing safe limit of 8.
2025-06-22 16:04:47 - numexpr.utils - INFO - NumExpr defaulting to 8 threads.
2025-06-22 16:04:47 - root - INFO - Creating least-square field...
2025-06-22 16:04:47 - root - INFO - Collecting data for the field...
2025-06-22 16:04:47 - root - INFO - Starting field  computation...
2025-06-22 16:04:48 - root - INFO - Field computation completed.
2026-02-12 16:31:09 - numexpr.utils - INFO - Note: detected 384 virtual cores but NumExpr set to maximum of 64, check "NUMEXPR_MAX_THREADS" environment variable.
2026-02-12 16:31:09 - numexpr.utils - INFO - Note: NumExpr detected 384 cores but "NUMEXPR_MAX_THREADS" not set, so enforcing safe limit of 8.
2026-02-12 16:31:09 - numexpr.utils - INFO - NumExpr defaulting to 8 threads.
2026-02-12 16:31:09 - root - INFO - Creating least-square field...
2026-02-12 16:31:09 - root - INFO - Collecting data for the field...
2026-02-12 16:31:40 - numexpr.utils - INFO - Note: detected 384 virtual cores but NumExpr set to maximum of 64, check "NUMEXPR_MAX_THREADS" environment variable.
2026-02-12 16:31:40 - numexpr.utils - INFO - Note: NumExpr detected 384 cores but "NUMEXPR_MAX_THREADS" not set, so enforcing safe limit of 8.
2026-02-12 16:31:40 - numexpr.utils - INFO - NumExpr defaulting to 8 threads.
2026-02-12 16:31:40 - root - INFO - Creating least-square field...
2026-02-12 16:31:40 - root - INFO - Collecting data for the field...
2026-02-12 16:31:41 - root - INFO - Starting field  computation...
2026-02-12 16:32:39 - root - INFO - Field computation completed.
2026-02-12 16:38:40 - numexpr.utils - INFO - Note: detected 384 virtual cores but NumExpr set to maximum of 64, check "NUMEXPR_MAX_THREADS" environment variable.
2026-02-12 16:38:40 - numexpr.utils - INFO - Note: NumExpr detected 384 cores but "NUMEXPR_MAX_THREADS" not set, so enforcing safe limit of 8.
2026-02-12 16:38:40 - numexpr.utils - INFO - NumExpr defaulting to 8 threads.
2026-02-12 16:38:41 - root - INFO - Creating least-square field...
2026-02-12 16:38:41 - root - INFO - Collecting data for the field...
2026-02-12 16:38:41 - root - INFO - Starting field  computation...
2026-02-12 16:39:37 - root - INFO - Field computation completed.
2026-02-12 18:35:52 - numexpr.utils - INFO - Note: detected 384 virtual cores but NumExpr set to maximum of 64, check "NUMEXPR_MAX_THREADS" environment variable.
2026-02-12 18:35:52 - numexpr.utils - INFO - Note: NumExpr detected 384 cores but "NUMEXPR_MAX_THREADS" not set, so enforcing safe limit of 8.
2026-02-12 18:35:52 - numexpr.utils - INFO - NumExpr defaulting to 8 threads.
2026-02-12 18:35:53 - root - INFO - Creating least-square field...
2026-02-12 18:35:53 - root - INFO - Collecting data for the field...
2026-02-12 18:35:53 - root - INFO - Starting field  computation...
2026-02-12 18:36:46 - root - INFO - Field computation completed.
2026-02-12 18:42:42 - numexpr.utils - INFO - Note: detected 384 virtual cores but NumExpr set to maximum of 64, check "NUMEXPR_MAX_THREADS" environment variable.
2026-02-12 18:42:42 - numexpr.utils - INFO - Note: NumExpr detected 384 cores but "NUMEXPR_MAX_THREADS" not set, so enforcing safe limit of 8.
2026-02-12 18:42:42 - numexpr.utils - INFO - NumExpr defaulting to 8 threads.
2026-02-12 18:42:42 - root - INFO - Creating least-square field...
2026-02-12 18:42:42 - root - INFO - Collecting data for the field...
2026-02-12 18:42:42 - root - INFO - Starting field  computation...
2026-02-12 18:43:34 - root - INFO - Field computation completed.
2026-05-18 21:51:48 - numexpr.utils - INFO - NumExpr defaulting to 12 threads.
2026-05-18 21:51:48 - root - INFO - Creating least-square field...
2026-05-18 21:51:48 - root - INFO - Collecting data for the field...
2026-05-18 21:56:46 - numexpr.utils - INFO - NumExpr defaulting to 12 threads.
2026-05-18 21:56:46 - root - INFO - Creating least-square field...
2026-05-18 21:56:46 - root - INFO - Collecting data for the field...
2026-05-18 21:59:27 - numexpr.utils - INFO - NumExpr defaulting to 12 threads.
2026-05-18 21:59:27 - root - INFO - Creating least-square field...
2026-05-18 21:59:27 - root - INFO - Collecting data for the field...
2026-05-18 21:59:28 - root - INFO - Starting field  computation...
